Loaded: ./exceptions.s
this should be printed because 'else' refers to most recent 'if'
this should be printed because 'break' refers to most recent 'while'
good job
