Loaded: ./exceptions.s
yes
no
yes
no
yes x
no y
no x
yes y
