Loaded: ./exceptions.s
True
False
True
False
True
False
True
False
=====================
True
False
True
False
True
False
True
False
=====================
