Loaded: ./exceptions.s
If you got here without crashing, you passed :)
