Loaded: ./exceptions.s
True
False
False
False
True
True
True
False
True
False
True
True
True
