Loaded: ./exceptions.s
False
True
True
True
False
True
True
True
True
True
False
False
False
False
True
False
