Loaded: ./exceptions.s
Credit to Nir Chachamotivz on edge case in binop implementation :)
256
0
256
0
256
0
256
-255
256
256
256
256
256
-255
