Loaded: ./exceptions.s
Breaked correctly :)Continued correctly :)