Loaded: ./exceptions.s
7
7
false
false
0
0
false
0
0
false
