Loaded: ./exceptions.s
Passed first && second :)
Passed first but not second :)
