Loaded: ./exceptions.s
We can manage without the fox :)