Loaded: ./exceptions.s
2
2
15
1
15
15
21 values in boolean tree is okay :)
21 values in boolean tree is okay :)
