Loaded: ./exceptions.s
Negative

Positive
Positive
