Loaded: ./exceptions.s
0
0
false
0
77
false
0
77
false
0
77
false
0
77
false
0
77
false
0
77
false
0
77
false
0
77
false
0
77
false
0
77
false
0
77
false
0
77
false
0
77
false
Index = 0
0
77
false
Index = 1
0
77
false
Index = 2
0
77
false
Index = 3
0
77
false
Index = 4
0
77
false
Index = 5
0
77
false
Index = 6
0
77
false
Index = 7
0
77
false
Index = 8
0
77
false
Index = 9
0
77
false
Index = 10
0
77
false
Index = 11
0
77
false
Index = 12
0
77
false
0
77
false
