Loaded: ./exceptions.s
Relop same number is okay :)
Relop different numbers is okay :)
