Loaded: ./exceptions.s
0
Error index out of bounds
