Loaded: ./exceptions.s
val is true
val is false
true
