Loaded: ./exceptions.s
Diffs:
1	2	253	48	208	0	20	236	255
