Loaded: ./exceptions.s
7552133Ping Pong
Ping Pong
Ping Pong
Ping Pong
319
x[41] = 0
x[40] = 0
x[39] = 0
x[38] = 0
x[37] = 0
x[36] = 0
x[35] = 0
x[34] = 0
x[33] = 0
x[32] = 0
x[31] = 0
x[30] = 0
x[29] = 0
x[28] = 0
x[27] = 0
x[26] = 0
x[25] = 0
x[24] = 0
x[23] = 0
x[22] = 0
x[21] = 0
x[20] = 0
x[19] = 0
x[18] = 0
x[17] = 0
x[16] = 0
x[15] = 0
x[14] = 0
x[13] = 0
x[12] = 0
x[11] = 0
x[10] = 0
x[9] = 0
x[8] = 7
x[7] = 0
x[6] = 0
x[5] = 0
x[4] = 0
x[3] = 0
x[2] = 0
x[1] = 0
x[0] = 0
71-51