line 11: prototype mismatch, function foo expects arguments (INT,INT[30],BYTE)
