Loaded: ./exceptions.s
in first loop
4
in second loop
1
inner switch - in case 1
in second loop
4
inner switch - in case 4
break second loop
finish inner switch
finish outer switch
in first loop
5
in second loop
4
inner switch - in case 4
break second loop
finish inner switch
first loop case 5
finish outer switch
in first loop
1
in second loop
4
inner switch - in case 4
break second loop
finish inner switch
first loop case 1
break first loop
bye bye
