Loaded: ./exceptions.s
in first loop
5
in second loop
4
second loop didn't break
4
in second loop
5
break second loop
5
first loop didn't break
5
in first loop
6
in second loop
4
second loop didn't break
4
in second loop
5
break second loop
5
first loop didn't break
6
in first loop
7
in second loop
4
second loop didn't break
4
in second loop
5
break second loop
5
first loop didn't break
7
in first loop
8
in second loop
4
second loop didn't break
4
in second loop
5
break second loop
5
break first loop
8
bye bye
