Loaded: ./exceptions.s
5
2
6
2
5
31
42
19
60
19
60
5
2
6
2
5
31
42
19
30
19
40
5
2
6
2
5
2
6
2
5
31
42
19
30
19
40
