Loaded: ./exceptions.s
funcVoid
delimiter1funcVoid
delimiter2funcVoid
delimiter3funcVoid
delimiter4funcVoid
delimiter5funcVoid
delimiter6funcVoid
delimiter7funcVoid
delimiter8funcVoid
