Loaded: ./exceptions.s
9
delimiter1
9
delimiter2
9
delimiter3
9
delimiter4
delimiter5
9delimiter6
delimiter7
delimiter8
insideIf1
delimiter9
delimiter10
insideIf3
delimiter11
delimiter12
delimiter13
delimiter14
insideWhile1delimiter15
delimiter16
insideWhile3delimiter17
delimiter18
delimiter19
insideCase2delimiter20
delimiter21
insideCase2delimiter22
delimiter23
delimiter23
delimiter24
delimiter25
delimiter26
funcHelper1-1
9funcHelper1-2
funcHelper2-1
9funcHelper2-2
9funcHelper2-3
811180false7
true8
true9
false99
false10
true11
true12
false13
true14
true15
