Loaded: ./exceptions.s
funcInt
funcInt
9
delimiter1
funcInt
9
delimiter2
funcInt
9
delimiter3
funcInt
9
delimiter4
funcInt
delimiter5
funcInt
9delimiter6
funcInt
delimiter7
funcInt
delimiter8
funcInt
insideIf1
delimiter9
funcInt
delimiter10
funcInt
insideIf3
delimiter11
funcInt
delimiter12
funcInt
delimiter13
funcInt
delimiter14
funcInt
insideWhile1delimiter15
funcInt
delimiter16
funcInt
insideWhile3delimiter17
funcInt
delimiter18
funcInt
delimiter19
funcInt
insideCase2delimiter20
funcInt
delimiter21
funcInt
insideCase2delimiter22
funcInt
delimiter23
funcInt
delimiter23
funcInt
delimiter24
funcInt
delimiter25
funcInt
delimiter26
funcInt
funcHelper1-1
9funcHelper1-2
funcInt
funcInt
funcHelper2-1
9funcHelper2-2
9funcHelper2-3
funcInt
funcInt
81funcInt
funcInt
1funcInt
funcInt
18funcInt
funcInt
0funcInt
funcInt
false7
funcInt
funcInt
true8
funcInt
funcInt
true9
funcInt
funcInt
false99
funcInt
funcInt
false10
funcInt
funcInt
true11
funcInt
funcInt
true12
funcInt
funcInt
false13
funcInt
funcInt
true14
funcInt
funcInt
true15
