Loaded: ./exceptions.s
funcByteTrue
funcByteTrue
true1
funcByteTrue
true2
funcByteFalse
false3
funcByteFalse
false4
funcByteTrue
true5
funcByteTrue
true6
funcByteFalse
false7
funcByteFalse
false8
funcByteTrue
funcByteFalse
delimiter5
funcByteTrue
true9
funcByteTrue
true10
funcByteFalse
false9
funcByteFalse
false10
funcByteTrue
insideIf1
delimiter9
funcByteTrue
delimiter10
funcByteTrue
insideIf3
delimiter11
funcByteTrue
delimiter12
funcByteTrue
delimiter13
funcByteTrue
delimiter14
funcByteFalse
insideElse1
delimiter9
funcByteFalse
insideIf2
delimiter10
funcByteFalse
insideElse3
delimiter11
funcByteFalse
insideIf4
delimiter12
funcByteFalse
delimiter13
funcByteFalse
delimiter14
funcByteTrue
insideWhile1delimiter15
funcByteTrue
delimiter16
funcByteTrue
insideWhile3delimiter17
funcByteTrue
delimiter18
funcByteTrue
delimiter19
funcByteTrue
delimiter23
funcByteTrue
delimiter24
funcByteFalse
delimiter23
funcByteFalse
delimiter24
funcByteTrue
delimiter25
funcByteTrue
delimiter26
funcByteFalse
delimiter25
funcByteFalse
delimiter26
funcByteTrue
funcHelper1-1
funcByteTrue
funcByteTrue
funcHelper2-1
funcHelper2-3
funcByteFalse
funcHelper1-2
funcByteFalse
funcByteFalse
funcHelper2-2
funcHelper2-4
funcByteTrue
false1
funcByteTrue
true2
funcByteTrue
funcByteTrue
true3
funcByteTrue
funcByteTrue
false4
funcByteTrue
true5
funcByteTrue
false6
funcByteFalse
true7
funcByteFalse
false8
funcByteFalse
false9
funcByteFalse
true10
funcByteFalse
funcByteFalse
false11
funcByteFalse
funcByteFalse
true12
funcByteTrue
funcByteFalse
false9
funcByteTrue
funcByteFalse
true10
funcByteTrue
true11
funcByteTrue
false12
funcByteFalse
false9
funcByteFalse
true10
funcByteFalse
funcByteTrue
true11
funcByteFalse
funcByteTrue
false12
