Loaded: ./exceptions.s
1
2
End first switch
3
4
End first switch
