Loaded: ./exceptions.s
This should print
Error division by zero
