Loaded: ./exceptions.s
b1 is true
b2 is false
b3 is false
b3 is false after b4
First If
Second If
Third Else
