Loaded: ./exceptions.s
start
if->if
if->else
if->while
if->break
if->switch
if->return exp sc
if->type ID assign Exp sc
6
if->ID assign Exp sc
8
if->type ID sc
8
go check all the same in else
else->if
else->else
else->while
else->break
else->switch
else->return exp sc
else->type ID assign Exp sc
6
else->ID assign Exp sc
8
else->type ID sc
5
else->return sc
if->return sc
