Loaded: ./exceptions.s
bbb
ccc
bbb
ccc
bbb
ccc
ddd
ccc
ddd
ccc
