Loaded: ./exceptions.s
Check early exit from while...
Check early exit from while...
check early exit from switch...
check early exit from switch...
check early exit from switch...
check early exit from switch...
check early exit from switch...SUCCESS
