Loaded: ./exceptions.s
yes1
yes2
yes3
yes4
yes5
yes86
yes87
yes88
yes89
yes90
yes91
yes92
yes93
yes94
yes95
yes96
yes97
yes98
yes99
yes100
yes101
yes102
yes103
yes104
yes105
yes106
yes107
yes108
yes109
yes110
