Loaded: ./exceptions.s
max of 3 and 2 is 3
max of 3b and 2b is 3
Is 3 really bigger then 2?
yes!
I heart Compi...
I heart Compi...
I heart Compi...
NOT!
