Loaded: ./exceptions.s
set!
set!
500
was here
set!
500
set!
500
set!
500
was here
was here
was here
was here
was here
was here
set!
