Loaded: ./exceptions.s
got 1
got 2
got 3
got 4
got 5
got 6
got 7
got 8
got 9
got 10
got 11
got 12
got 13
got 14
got 15
got 16
got 17
got 18
got 19
got 20
got 21
got 22
