Loaded: ./exceptions.s
5
5
The numbers are equal
hello
hello
hello
hello
hello
