Loaded: ./exceptions.s
test int:
5
4
3
2
1
test byte:
5
4
3
2
1
