Loaded: ./exceptions.s
1
else 2
else 3
4
else 5
else 6
