Loaded: ./exceptions.s
else 1
else 2
3
else 4
else 5
6
