Loaded: ./exceptions.s
300
400
500
600
700
300
400
500
600
700
600
700
800
900
1000
700
800
900
1000
1100
800
900
1000
1100
1200
900
1000
1100
1200
1300
1000
1100
1200
1300
1400
90000
120000
150000
180000
210000
120000
160000
200000
240000
280000
150000
200000
250000
300000
350000
180000
240000
300000
360000
420000
210000
280000
350000
420000
490000
301
401
501
601
701
302
402
502
602
702
303
403
503
603
703
304
404
504
604
704
308
408
508
608
708
301
302
303
304
308
401
402
403
404
408
501
502
503
504
508
601
602
603
604
608
701
702
703
704
708
300
400
500
600
700
600
800
1000
1200
1400
900
1200
1500
1800
2100
1200
1600
2000
2400
2800
2400
3200
4000
4800
5600
300
600
900
1200
2400
400
800
1200
1600
3200
500
1000
1500
2000
4000
600
1200
1800
2400
4800
700
1400
2100
2800
5600
1
2
3
4
8
1
2
3
4
8
1
2
3
4
8
2
4
6
8
16
3
6
9
12
24
4
8
12
16
32
8
16
24
32
64
1
2
3
4
8
1
2
3
4
8
1
2
3
4
8
2
4
6
8
16
3
6
9
12
24
4
8
12
16
32
8
16
24
32
64
